// Jest Snapshot v1, https://goo.gl/fbAQLP

exports[`Container renders correctly 1`] = `
<RCTSafeAreaView
  style={
    {
      "backgroundColor": "#F3F5F8",
      "flex": 1,
    }
  }
>
  <RCTScrollView
    keyboardShouldPersistTaps="handled"
  >
    <View>
      <View />
    </View>
  </RCTScrollView>
</RCTSafeAreaView>
`;
